// Jest Snapshot v1, https://goo.gl/fbAQLP

exports[`Should render Reviews List correctly 1`] = `
<ul
  className="reviews__list"
>
  <li
    className="reviews__item"
  >
    <div
      className="reviews__user user"
    >
      <div
        className="reviews__avatar-wrapper user__avatar-wrapper"
      >
        <img
          alt="Reviews avatar"
          className="reviews__avatar user__avatar"
          height="54"
          src="img/avatar-max.jpg"
          width="54"
        />
      </div>
      <span
        className="reviews__user-name"
      >
        Akira
      </span>
    </div>
    <div
      className="reviews__info"
    >
      <div
        className="reviews__rating rating"
      >
        <div
          className="reviews__stars rating__stars"
        >
          <span
            style={
              Object {
                "width": "100%",
              }
            }
          />
          <span
            className="visually-hidden"
          >
            Rating
          </span>
        </div>
      </div>
      <p
        className="reviews__text"
      >
        Excellent
      </p>
      <time
        className="reviews__time"
        dateTime="2020-01-26"
      >
        January 2020
      </time>
    </div>
  </li>
  <li
    className="reviews__item"
  >
    <div
      className="reviews__user user"
    >
      <div
        className="reviews__avatar-wrapper user__avatar-wrapper"
      >
        <img
          alt="Reviews avatar"
          className="reviews__avatar user__avatar"
          height="54"
          src="img/avatar-max.jpg"
          width="54"
        />
      </div>
      <span
        className="reviews__user-name"
      >
        Akira
      </span>
    </div>
    <div
      className="reviews__info"
    >
      <div
        className="reviews__rating rating"
      >
        <div
          className="reviews__stars rating__stars"
        >
          <span
            style={
              Object {
                "width": "100%",
              }
            }
          />
          <span
            className="visually-hidden"
          >
            Rating
          </span>
        </div>
      </div>
      <p
        className="reviews__text"
      >
        Excellent
      </p>
      <time
        className="reviews__time"
        dateTime="2020-01-26"
      >
        January 2020
      </time>
    </div>
  </li>
  <li
    className="reviews__item"
  >
    <div
      className="reviews__user user"
    >
      <div
        className="reviews__avatar-wrapper user__avatar-wrapper"
      >
        <img
          alt="Reviews avatar"
          className="reviews__avatar user__avatar"
          height="54"
          src="img/avatar-max.jpg"
          width="54"
        />
      </div>
      <span
        className="reviews__user-name"
      >
        Akira
      </span>
    </div>
    <div
      className="reviews__info"
    >
      <div
        className="reviews__rating rating"
      >
        <div
          className="reviews__stars rating__stars"
        >
          <span
            style={
              Object {
                "width": "100%",
              }
            }
          />
          <span
            className="visually-hidden"
          >
            Rating
          </span>
        </div>
      </div>
      <p
        className="reviews__text"
      >
        Excellent
      </p>
      <time
        className="reviews__time"
        dateTime="2020-01-26"
      >
        January 2020
      </time>
    </div>
  </li>
  <li
    className="reviews__item"
  >
    <div
      className="reviews__user user"
    >
      <div
        className="reviews__avatar-wrapper user__avatar-wrapper"
      >
        <img
          alt="Reviews avatar"
          className="reviews__avatar user__avatar"
          height="54"
          src="img/avatar-max.jpg"
          width="54"
        />
      </div>
      <span
        className="reviews__user-name"
      >
        Anna
      </span>
    </div>
    <div
      className="reviews__info"
    >
      <div
        className="reviews__rating rating"
      >
        <div
          className="reviews__stars rating__stars"
        >
          <span
            style={
              Object {
                "width": "80%",
              }
            }
          />
          <span
            className="visually-hidden"
          >
            Rating
          </span>
        </div>
      </div>
      <p
        className="reviews__text"
      >
        Good place, good food, good everything
      </p>
      <time
        className="reviews__time"
        dateTime="2017-07-18"
      >
        July 2017
      </time>
    </div>
  </li>
  <li
    className="reviews__item"
  >
    <div
      className="reviews__user user"
    >
      <div
        className="reviews__avatar-wrapper user__avatar-wrapper"
      >
        <img
          alt="Reviews avatar"
          className="reviews__avatar user__avatar"
          height="54"
          src="img/avatar-max.jpg"
          width="54"
        />
      </div>
      <span
        className="reviews__user-name"
      >
        Anna
      </span>
    </div>
    <div
      className="reviews__info"
    >
      <div
        className="reviews__rating rating"
      >
        <div
          className="reviews__stars rating__stars"
        >
          <span
            style={
              Object {
                "width": "80%",
              }
            }
          />
          <span
            className="visually-hidden"
          >
            Rating
          </span>
        </div>
      </div>
      <p
        className="reviews__text"
      >
        Good place, good food, good everything
      </p>
      <time
        className="reviews__time"
        dateTime="2017-07-18"
      >
        July 2017
      </time>
    </div>
  </li>
  <li
    className="reviews__item"
  >
    <div
      className="reviews__user user"
    >
      <div
        className="reviews__avatar-wrapper user__avatar-wrapper"
      >
        <img
          alt="Reviews avatar"
          className="reviews__avatar user__avatar"
          height="54"
          src="img/avatar-max.jpg"
          width="54"
        />
      </div>
      <span
        className="reviews__user-name"
      >
        Anna
      </span>
    </div>
    <div
      className="reviews__info"
    >
      <div
        className="reviews__rating rating"
      >
        <div
          className="reviews__stars rating__stars"
        >
          <span
            style={
              Object {
                "width": "80%",
              }
            }
          />
          <span
            className="visually-hidden"
          >
            Rating
          </span>
        </div>
      </div>
      <p
        className="reviews__text"
      >
        Good place, good food, good everything
      </p>
      <time
        className="reviews__time"
        dateTime="2017-07-18"
      >
        July 2017
      </time>
    </div>
  </li>
  <li
    className="reviews__item"
  >
    <div
      className="reviews__user user"
    >
      <div
        className="reviews__avatar-wrapper user__avatar-wrapper"
      >
        <img
          alt="Reviews avatar"
          className="reviews__avatar user__avatar"
          height="54"
          src="img/avatar-max.jpg"
          width="54"
        />
      </div>
      <span
        className="reviews__user-name"
      >
        Max
      </span>
    </div>
    <div
      className="reviews__info"
    >
      <div
        className="reviews__rating rating"
      >
        <div
          className="reviews__stars rating__stars"
        >
          <span
            style={
              Object {
                "width": "100%",
              }
            }
          />
          <span
            className="visually-hidden"
          >
            Rating
          </span>
        </div>
      </div>
      <p
        className="reviews__text"
      >
        A quiet cozy and picturesque that hides behind a a river by the unique lightness of Amsterdam. The building is green and from 18th century.
      </p>
      <time
        className="reviews__time"
        dateTime="2004-04-19"
      >
        April 2004
      </time>
    </div>
  </li>
  <li
    className="reviews__item"
  >
    <div
      className="reviews__user user"
    >
      <div
        className="reviews__avatar-wrapper user__avatar-wrapper"
      >
        <img
          alt="Reviews avatar"
          className="reviews__avatar user__avatar"
          height="54"
          src="img/avatar-max.jpg"
          width="54"
        />
      </div>
      <span
        className="reviews__user-name"
      >
        Max
      </span>
    </div>
    <div
      className="reviews__info"
    >
      <div
        className="reviews__rating rating"
      >
        <div
          className="reviews__stars rating__stars"
        >
          <span
            style={
              Object {
                "width": "100%",
              }
            }
          />
          <span
            className="visually-hidden"
          >
            Rating
          </span>
        </div>
      </div>
      <p
        className="reviews__text"
      >
        A quiet cozy and picturesque that hides behind a a river by the unique lightness of Amsterdam. The building is green and from 18th century.
      </p>
      <time
        className="reviews__time"
        dateTime="2004-04-19"
      >
        April 2004
      </time>
    </div>
  </li>
  <li
    className="reviews__item"
  >
    <div
      className="reviews__user user"
    >
      <div
        className="reviews__avatar-wrapper user__avatar-wrapper"
      >
        <img
          alt="Reviews avatar"
          className="reviews__avatar user__avatar"
          height="54"
          src="img/avatar-max.jpg"
          width="54"
        />
      </div>
      <span
        className="reviews__user-name"
      >
        Max
      </span>
    </div>
    <div
      className="reviews__info"
    >
      <div
        className="reviews__rating rating"
      >
        <div
          className="reviews__stars rating__stars"
        >
          <span
            style={
              Object {
                "width": "100%",
              }
            }
          />
          <span
            className="visually-hidden"
          >
            Rating
          </span>
        </div>
      </div>
      <p
        className="reviews__text"
      >
        A quiet cozy and picturesque that hides behind a a river by the unique lightness of Amsterdam. The building is green and from 18th century.
      </p>
      <time
        className="reviews__time"
        dateTime="2004-04-19"
      >
        April 2004
      </time>
    </div>
  </li>
  <li
    className="reviews__item"
  >
    <div
      className="reviews__user user"
    >
      <div
        className="reviews__avatar-wrapper user__avatar-wrapper"
      >
        <img
          alt="Reviews avatar"
          className="reviews__avatar user__avatar"
          height="54"
          src="img/avatar-max.jpg"
          width="54"
        />
      </div>
      <span
        className="reviews__user-name"
      >
        Miki
      </span>
    </div>
    <div
      className="reviews__info"
    >
      <div
        className="reviews__rating rating"
      >
        <div
          className="reviews__stars rating__stars"
        >
          <span
            style={
              Object {
                "width": "20%",
              }
            }
          />
          <span
            className="visually-hidden"
          >
            Rating
          </span>
        </div>
      </div>
      <p
        className="reviews__text"
      >
        So so, could be better
      </p>
      <time
        className="reviews__time"
        dateTime="2004-04-19"
      >
        April 2004
      </time>
    </div>
  </li>
</ul>
`;
