// Jest Snapshot v1, https://goo.gl/fbAQLP

exports[`Should render Main Empty screen correctly 1`] = `
<main
  className="page__main page__main--index page__main--index-empty"
>
  <h1
    className="visually-hidden"
  >
    Cities
  </h1>
  <div
    className="tabs"
  >
    <section
      className="locations container"
    >
      <ul
        className="locations__list tabs__list"
      >
        <li
          className="locations__item"
        >
          <a
            className="locations__item-link tabs__item"
            href="#"
            onClick={[Function]}
          >
            <span>
              Japan
            </span>
          </a>
        </li>
        <li
          className="locations__item"
        >
          <a
            className="locations__item-link tabs__item"
            href="#"
            onClick={[Function]}
          >
            <span>
              Korea
            </span>
          </a>
        </li>
        <li
          className="locations__item"
        >
          <a
            className="locations__item-link tabs__item"
            href="#"
            onClick={[Function]}
          >
            <span>
              China
            </span>
          </a>
        </li>
      </ul>
    </section>
  </div>
  <div
    className="cities"
    style={
      Object {
        "minHeight": "85vh",
      }
    }
  >
    <div
      className="cities__places-container cities__places-container--empty container"
    >
      <section
        className="cities__no-places"
      >
        <div
          className="cities__status-wrapper tabs__content"
        >
          <b
            className="cities__status"
          >
            No places to stay available
          </b>
          <p
            className="cities__status-description"
          >
            We could not find any property availbale at the moment in Dusseldorf
          </p>
        </div>
      </section>
      <div
        className="cities__right-section"
      />
    </div>
  </div>
</main>
`;
